18:49:56 **** Incremental Build of configuration Debug for project FreeRTOS_1 ****
make -j16 all 
arm-none-eabi-gcc "../Core/Src/freertos.c" -mcpu=cortex-m4 -std=gnu11 -g3 -DDEBUG -DUSE_HAL_DRIVER -DSTM32F446xx -c -I../Core/Inc -I../Drivers/STM32F4xx_HAL_Driver/Inc -I../Drivers/STM32F4xx_HAL_Driver/Inc/Legacy -I../Drivers/CMSIS/Device/ST/STM32F4xx/Include -I../Drivers/CMSIS/Include -I../Middlewares/Third_Party/FreeRTOS/Source/include -I../Middlewares/Third_Party/FreeRTOS/Source/CMSIS_RTOS -I../Middlewares/Third_Party/FreeRTOS/Source/portable/GCC/ARM_CM4F -O0 -ffunction-sections -fdata-sections -Wall -fstack-usage -fcyclomatic-complexity -MMD -MP -MF"Core/Src/freertos.d" -MT"Core/Src/freertos.o" --specs=nano.specs -mfpu=fpv4-sp-d16 -mfloat-abi=hard -mthumb -o "Core/Src/freertos.o"
../Core/Src/freertos.c: In function 'StartDefaultTask':
../Core/Src/freertos.c:142:42: warning: implicit declaration of function 'strlen' [-Wimplicit-function-declaration]
  142 |         HAL_UART_Transmit(&huart2, str,  strlen(str), 100);
      |                                          ^~~~~~
../Core/Src/freertos.c:32:1: note: include '<string.h>' or provide a declaration of 'strlen'
   31 | #include "gpio.h"
  +++ |+#include <string.h>
   32 | /* USER CODE END Includes */
../Core/Src/freertos.c:142:42: warning: incompatible implicit declaration of built-in function 'strlen' [-Wbuiltin-declaration-mismatch]
  142 |         HAL_UART_Transmit(&huart2, str,  strlen(str), 100);
      |                                          ^~~~~~
../Core/Src/freertos.c:142:42: note: include '<string.h>' or provide a declaration of 'strlen'
../Core/Src/freertos.c:142:49: warning: pointer targets in passing argument 1 of 'strlen' differ in signedness [-Wpointer-sign]
  142 |         HAL_UART_Transmit(&huart2, str,  strlen(str), 100);
      |                                                 ^~~
      |                                                 |
      |                                                 uint8_t * {aka unsigned char *}
../Core/Src/freertos.c:142:49: note: expected 'const char *' but argument is of type 'uint8_t *' {aka 'unsigned char *'}
../Core/Src/freertos.c: In function 'StartTask02':
../Core/Src/freertos.c:163:42: warning: incompatible implicit declaration of built-in function 'strlen' [-Wbuiltin-declaration-mismatch]
  163 |         HAL_UART_Transmit(&huart2, str,  strlen(str), 100);
      |                                          ^~~~~~
../Core/Src/freertos.c:163:42: note: include '<string.h>' or provide a declaration of 'strlen'
../Core/Src/freertos.c:163:49: warning: pointer targets in passing argument 1 of 'strlen' differ in signedness [-Wpointer-sign]
  163 |         HAL_UART_Transmit(&huart2, str,  strlen(str), 100);
      |                                                 ^~~
      |                                                 |
      |                                                 uint8_t * {aka unsigned char *}
../Core/Src/freertos.c:163:49: note: expected 'const char *' but argument is of type 'uint8_t *' {aka 'unsigned char *'}
../Core/Src/freertos.c: In function 'StartTask03':
../Core/Src/freertos.c:191:17: warning: pointer targets in passing argument 1 of 'sprintf' differ in signedness [-Wpointer-sign]
  191 |         sprintf(str, "pot data :%lu\n", pot_data);
      |                 ^~~
      |                 |
      |                 uint8_t * {aka unsigned char *}
In file included from ../Core/Src/freertos.c:28:
C:\ST\STM32CubeIDE_1.14.1\STM32CubeIDE\plugins\com.st.stm32cube.ide.mcu.externaltools.gnu-tools-for-stm32.12.3.rel1.win32_1.0.100.202403111256\tools\bin/../lib/gcc/arm-none-eabi/12.3.1/../../../../arm-none-eabi/include/stdio.h:250:18: note: expected 'char * restrict' but argument is of type 'uint8_t *' {aka 'unsigned char *'}
  250 | int     sprintf (char *__restrict, const char *__restrict, ...)
      |                  ^
../Core/Src/freertos.c:193:41: warning: incompatible implicit declaration of built-in function 'strlen' [-Wbuiltin-declaration-mismatch]
  193 |         HAL_UART_Transmit(&huart2, str, strlen(str), 100);
      |                                         ^~~~~~
../Core/Src/freertos.c:193:41: note: include '<string.h>' or provide a declaration of 'strlen'
../Core/Src/freertos.c:193:48: warning: pointer targets in passing argument 1 of 'strlen' differ in signedness [-Wpointer-sign]
  193 |         HAL_UART_Transmit(&huart2, str, strlen(str), 100);
      |                                                ^~~
      |                                                |
      |                                                uint8_t * {aka unsigned char *}
../Core/Src/freertos.c:193:48: note: expected 'const char *' but argument is of type 'uint8_t *' {aka 'unsigned char *'}
../Core/Src/freertos.c:191:36: warning: '
   ' directive writing 1 byte into a region of size 0 [-Wformat-overflow=]
  191 |         sprintf(str, "pot data :%lu\n", pot_data);
      |                                    ^~
../Core/Src/freertos.c:191:9: note: 'sprintf' output between 13 and 22 bytes into a destination of size 11
  191 |         sprintf(str, "pot data :%lu\n", pot_data);
      |         ^~~~~~~~~~~~~~~~~~~~~~~~~~~~~~~~~~~~~~~~~
arm-none-eabi-gcc -o "FreeRTOS_1.elf" @"objects.list"   -mcpu=cortex-m4 -T"C:\Users\merta\STM32CubeIDE\workspace_1.14.1\destek01\FreeRTOS_1\STM32F446RETX_FLASH.ld" --specs=nosys.specs -Wl,-Map="FreeRTOS_1.map" -Wl,--gc-sections -static --specs=nano.specs -mfpu=fpv4-sp-d16 -mfloat-abi=hard -mthumb -Wl,--start-group -lc -lm -Wl,--end-group
Finished building target: FreeRTOS_1.elf
 
arm-none-eabi-size  FreeRTOS_1.elf 
arm-none-eabi-objdump -h -S FreeRTOS_1.elf  > "FreeRTOS_1.list"
   text	   data	    bss	    dec	    hex	filename
  21864	     96	  18424	  40384	   9dc0	FreeRTOS_1.elf
Finished building: default.size.stdout
 
Finished building: FreeRTOS_1.list
 

18:49:57 Build Finished. 0 errors, 9 warnings. (took 832ms)

