20:28:15 **** Incremental Build of configuration Debug for project timer_delay ****
make -j16 all 
arm-none-eabi-gcc "../Core/Src/main.c" -mcpu=cortex-m4 -std=gnu11 -g3 -DDEBUG -DUSE_HAL_DRIVER -DSTM32F446xx -c -I../Core/Inc -I../Drivers/STM32F4xx_HAL_Driver/Inc -I../Drivers/STM32F4xx_HAL_Driver/Inc/Legacy -I../Drivers/CMSIS/Device/ST/STM32F4xx/Include -I../Drivers/CMSIS/Include -O0 -ffunction-sections -fdata-sections -Wall -fstack-usage -fcyclomatic-complexity -MMD -MP -MF"Core/Src/main.d" -MT"Core/Src/main.o" --specs=nano.specs -mfpu=fpv4-sp-d16 -mfloat-abi=hard -mthumb -o "Core/Src/main.o"
arm-none-eabi-gcc -o "timer_delay.elf" @"objects.list"   -mcpu=cortex-m4 -T"C:\Users\merta\STM32CubeIDE\workspace_1.14.1\destek01\timer_delay\STM32F446RETX_FLASH.ld" --specs=nosys.specs -Wl,-Map="timer_delay.map" -Wl,--gc-sections -static --specs=nano.specs -mfpu=fpv4-sp-d16 -mfloat-abi=hard -mthumb -Wl,--start-group -lc -lm -Wl,--end-group
C:/ST/STM32CubeIDE_1.14.1/STM32CubeIDE/plugins/com.st.stm32cube.ide.mcu.externaltools.gnu-tools-for-stm32.12.3.rel1.win32_1.0.100.202403111256/tools/bin/../lib/gcc/arm-none-eabi/12.3.1/../../../../arm-none-eabi/bin/ld.exe: warning: timer_delay.elf has a LOAD segment with RWX permissions
Finished building target: timer_delay.elf
 
arm-none-eabi-size  timer_delay.elf 
arm-none-eabi-objdump -h -S timer_delay.elf  > "timer_delay.list"
   text	   data	    bss	    dec	    hex	filename
  11340	     20	   1716	  13076	   3314	timer_delay.elf
Finished building: default.size.stdout
 
Finished building: timer_delay.list
 

20:28:15 Build Finished. 0 errors, 1 warnings. (took 746ms)

